I'm sorry, but errors were detected in your script. Please correct the
errors listed below, and try again.


File "game/script.rpy", line 17: expected 'image_name_component' not found.
    show "./gui/classify.png"
         ^

Ren'Py Version: Ren'Py 7.4.4.1439
Fri May 28 22:22:29 2021
